a7 in 7 may be uninitialized
a8 in 7 may be uninitialized
a6 in 11 may be uninitialized
a8 in 11 may be uninitialized
a6 in 13 may be uninitialized
a7 in 13 may be uninitialized
a8 in 13 may be uninitialized
a1 in 15 may be uninitialized
a2 in 15 may be uninitialized
a3 in 15 may be uninitialized
a4 in 15 may be uninitialized
a5 in 15 may be uninitialized
a6 in 15 may be uninitialized
a7 in 15 may be uninitialized
a8 in 15 may be uninitialized
