x1 in 7 may be uninitialized
x1 in 12 may be uninitialized
x1 in 30 may be uninitialized
a010001 in 44 may be uninitialized
a010010 in 44 may be uninitialized
a010011 in 44 may be uninitialized
a010101 in 44 may be uninitialized
a010110 in 44 may be uninitialized
a010111 in 44 may be uninitialized
a011001 in 44 may be uninitialized
a011010 in 44 may be uninitialized
a011011 in 44 may be uninitialized
a011101 in 44 may be uninitialized
a011110 in 44 may be uninitialized
a011111 in 44 may be uninitialized
a100100 in 45 may be uninitialized
a100101 in 45 may be uninitialized
a100110 in 45 may be uninitialized
a100111 in 45 may be uninitialized
a101000 in 45 may be uninitialized
a101001 in 45 may be uninitialized
a101010 in 45 may be uninitialized
a101011 in 45 may be uninitialized
a101100 in 45 may be uninitialized
a101101 in 45 may be uninitialized
a101110 in 45 may be uninitialized
a101111 in 45 may be uninitialized
a110001 in 46 may be uninitialized
a110010 in 46 may be uninitialized
a110011 in 46 may be uninitialized
a110100 in 46 may be uninitialized
a110101 in 46 may be uninitialized
a110110 in 46 may be uninitialized
a110111 in 46 may be uninitialized
a111000 in 46 may be uninitialized
a111001 in 46 may be uninitialized
a111010 in 46 may be uninitialized
a111011 in 46 may be uninitialized
a111100 in 46 may be uninitialized
a111101 in 46 may be uninitialized
a111110 in 46 may be uninitialized
a111111 in 46 may be uninitialized
